---
source: ft/src/tui/tests.rs
expression: frame
---
  1 Welcome  │  2 Tasks                                                         
┌ sidebar ─────────────┐┌ query ───────────────────────────────────────────────┐
│                      ││not done and due before 2026-05-18 sort by due, priori│
│ Sun 10 May           │└──────────────────────────────────────────────────────┘
│ 14:32:05             │┌ tasks ───────────────────────────────────────────────┐
│                      ││ ── upcoming (1) ──                                   │
│ ── views ──          ││▶       ship feature       📅  2026-05-11              │
│ ▶ Search             ││                                                      │
│                      ││                                                      │
│                      ││                                                      │
│                      ││                                                      │
│                      ││                                                      │
│                      ││                                                      │
│                      ││                                                      │
│                      ││                                                      │
│                      ││                                                      │
│                      ││                                                      │
│                      ││                                                      │
│                      ││                                                      │
│                      ││                                                      │
│                      ││                                                      │
│                      ││                                                      │
└──────────────────────┘└──────────────────────────────────────────────────────┘
 vault: test-vault  ·  tab: Tasks       created Daily/2026-05-10   mode: normal
