---
source: ft/src/tui/widgets/picker.rs
assertion_line: 551
expression: frame
---
┌ find ──────────────────────────────────────────┐
│type to search…                                 │
└────────────────────────────────────────────────┘
┌ results ───────────────────────────────────────┐
│                 type to search…                │
│                                                │
│                                                │
│                                                │
│                                                │
└────────────────────────────────────────────────┘
