---
source: ft/src/tui/widgets/picker.rs
assertion_line: 571
expression: frame
---
┌ find ──────────────────────────────────────────┐
│zzzz│                                           │
└────────────────────────────────────────────────┘
┌ results ───────────────────────────────────────┐
│                   no matches                   │
│                                                │
│                                                │
│                                                │
│                                                │
└────────────────────────────────────────────────┘
