---
source: ft/src/tui/widgets/picker.rs
assertion_line: 561
expression: frame
---
┌ find ──────────────────────────────────────────┐
│a│                                              │
└────────────────────────────────────────────────┘
┌ results ───────────────────────────────────────┐
│▶ alpha                                         │
│  beta                                          │
│  gamma                                         │
│                                                │
│                                                │
└────────────────────────────────────────────────┘
