---
source: ft/src/tui/widgets/picker.rs
assertion_line: 581
expression: frame
---
┌ find ────────────────────────────────┐
│a│                                    │
└──────────────────────────────────────┘
┌ results ─────────────────────────────┐
│▶ alpha                               │
│  beta                                │
│  gamma                               │
└──────────────────────────────────────┘
